[2]
[3, 10, 5, 16, 8, 4, 2]
[4, 2]
[5, 16, 8, 4, 2]
[6, 3, 10, 5, 16, 8, 4, 2]
[7, 22, 11, 34, 17, 52, 26, 13, 40, 20, 10, 5, 16, 8, 4, 2]
[8, 4, 2]
[9, 28, 14, 7, 22, 11, 34, 17, 52, 26, 13, 40, 20, 10, 5, 16, 8, 4, 2]
[10, 5, 16, 8, 4, 2]
[11, 34, 17, 52, 26, 13, 40, 20, 10, 5, 16, 8, 4, 2]
[12, 6, 3, 10, 5, 16, 8, 4, 2]
[13, 40, 20, 10, 5, 16, 8, 4, 2]
[14, 7, 22, 11, 34, 17, 52, 26, 13, 40, 20, 10, 5, 16, 8, 4, 2]
[15, 46, 23, 70, 35, 106, 53, 160, 80, 40, 20, 10, 5, 16, 8, 4, 2]
[16, 8, 4, 2]
[17, 52, 26, 13, 40, 20, 10, 5, 16, 8, 4, 2]
[18, 9, 28, 14, 7, 22, 11, 34, 17, 52, 26, 13, 40, 20, 10, 5, 16, 8, 4, 2]
[19, 58, 29, 88, 44, 22, 11, 34, 17, 52, 26, 13, 40, 20, 10, 5, 16, 8, 4, 2]
