I -> 1
II -> 2
IV -> 4
V -> 5
IX -> 9
X -> 10
XIV -> 14
LXX -> 70
XC -> 90
MDCCLXXVI -> 1776
MCMXCIX -> 1999
MMXXIV -> 2024
