true
false
0x01
0x00
1.0
0.0
1
0
true
false
1u
0.0
true
false
0xDEADBEEF
-1.1885953953520806e+148.0
-2401053092612145152
fg
16045690981097406464u
true
false
0x0000000000000000
1.2
1
1.200000
1u
true
false
0x0000000000000000
3.0
3
3
3u
true
false
0x666F6F
3.0
-3.0
3
-3
foo

3u
true
false
0x0000000000000000
3.0
3
3
3u
